#-----------------------------------------------------------
# Vivado v2018.2 (64-bit)
# SW Build 2258646 on Thu Jun 14 20:03:12 MDT 2018
# IP Build 2256618 on Thu Jun 14 22:10:49 MDT 2018
# Start of session at: Thu Feb 29 12:26:35 2024
# Process ID: 13320
# Current directory: C:/Projects/Undergrad_Research/Task2_New/OpenNoc/OpenNoc-master/src/Verilog/rtl/openNoc
# Command line: vivado.exe -gui_launcher_event rodinguilauncherevent2492 C:\Projects\Undergrad_Research\Task2_New\OpenNoc\OpenNoc-master\src\Verilog\rtl\openNoc\openNoc.xpr
# Log file: C:/Projects/Undergrad_Research/Task2_New/OpenNoc/OpenNoc-master/src/Verilog/rtl/openNoc/vivado.log
# Journal file: C:/Projects/Undergrad_Research/Task2_New/OpenNoc/OpenNoc-master/src/Verilog/rtl/openNoc\vivado.jou
#-----------------------------------------------------------
start_gui
open_project C:/Projects/Undergrad_Research/Task2_New/OpenNoc/OpenNoc-master/src/Verilog/rtl/openNoc/openNoc.xpr
INFO: [ProjectBase 1-489] The host OS only allows 260 characters in a normal path. The project is stored in a path with more than 80 characters. If you experience issues with IP, Block Designs, or files not being found, please consider moving the project to a location with a shorter path. Alternately consider using the OS subst command to map part of the path to a drive letter.
Current project path is 'C:/Projects/Undergrad_Research/Task2_New/OpenNoc/OpenNoc-master/src/Verilog/rtl/openNoc'
INFO: [Project 1-313] Project file moved from 'E:/Research/OpenNoc/src/Verilog/rtl/openNoc' since last save.
CRITICAL WARNING: [Project 1-311] Could not find the file 'C:/Projects/Undergrad_Research/Task2_New/OpenNoc/OpenNoc-master/src/Verilog/rtl/openNoc/component.xml', nor could it be found using path 'E:/Research/OpenNoc/src/Verilog/rtl/openNoc/component.xml'.
Scanning sources...
Finished scanning sources
WARNING: [filemgmt 56-2] IPUserFilesDir: Could not find the directory 'C:/Projects/Undergrad_Research/Task2_New/OpenNoc/OpenNoc-master/src/Verilog/rtl/openNoc/openNoc.ip_user_files', nor could it be found using path 'E:/Research/OpenNoc/src/Verilog/rtl/openNoc/openNoc.ip_user_files'.
INFO: [IP_Flow 19-234] Refreshing IP repositories
INFO: [IP_Flow 19-1700] Loaded user IP repository 'c:/Projects/Undergrad_Research/Task2_New/OpenNoc/OpenNoc-master/src/Verilog/rtl/openNoc'.
INFO: [IP_Flow 19-2313] Loaded Vivado IP repository 'C:/Xilinx/Vivado/2018.2/data/ip'.
open_project: Time (s): cpu = 00:00:07 ; elapsed = 00:00:06 . Memory (MB): peak = 846.508 ; gain = 122.762
update_compile_order -fileset sources_1
exit
INFO: [Common 17-206] Exiting Vivado at Thu Feb 29 12:27:36 2024...
