15:39:42 **** Auto Build of configuration Debug for project ctr_example ****
make pre-build main-build 
a9-linaro-pre-build-step
' '
'Building file: ../src/main.c'
'Invoking: ARM v7 gcc compiler'
arm-none-eabi-gcc -Wall -O0 -g3 -c -fmessage-length=0 -MT"src/main.o" -mcpu=cortex-a9 -mfpu=vfpv3 -mfloat-abi=hard -I../../ctr_example_bsp/ps7_cortexa9_0/include -MMD -MP -MF"src/main.d" -MT"src/main.o" -o "src/main.o" "../src/main.c"
In file included from ../src/main.c:74:0:
../../ctr_example_bsp/ps7_cortexa9_0/include/xtime_l.h:89:9: note: #pragma message: For the sleep routines, Global timer is being used
 #pragma message ("For the sleep routines, Global timer is being used")
         ^~~~~~~
'Finished building: ../src/main.c'
' '
'Building target: ctr_example.elf'
'Invoking: ARM v7 gcc linker'
arm-none-eabi-gcc -mcpu=cortex-a9 -mfpu=vfpv3 -mfloat-abi=hard -Wl,-build-id=none -specs=Xilinx.spec -Wl,-T -Wl,../src/lscript.ld -L../../ctr_example_bsp/ps7_cortexa9_0/lib -o "ctr_example.elf"  ./src/aes.o ./src/hmac.o ./src/main.o ./src/pl.o ./src/platform.o ./src/sd.o ./src/sha256.o   -Wl,--start-group,-lxil,-lgcc,-lc,--end-group -Wl,--start-group,-lxilffs,-lxil,-lgcc,-lc,--end-group
'Finished building target: ctr_example.elf'
' '
'Invoking: ARM v7 Print Size'
arm-none-eabi-size ctr_example.elf  |tee "ctr_example.elf.size"
   text	   data	    bss	    dec	    hex	filename
 145264	  10520	  28464	 184248	  2cfb8	ctr_example.elf
'Finished building: ctr_example.elf.size'
' '

15:39:42 Build Finished (took 682ms)

