#-----------------------------------------------------------
# Vivado v2018.2 (64-bit)
# SW Build 2258646 on Thu Jun 14 20:03:12 MDT 2018
# IP Build 2256618 on Thu Jun 14 22:10:49 MDT 2018
# Start of session at: Thu Feb 29 12:28:13 2024
# Process ID: 26948
# Current directory: C:/Projects/Undergrad_Research/Task2_New/OpenNoc/OpenNoc-master/src/Verilog/rtl/dyract
# Command line: vivado.exe -gui_launcher_event rodinguilauncherevent25828 C:\Projects\Undergrad_Research\Task2_New\OpenNoc\OpenNoc-master\src\Verilog\rtl\dyract\dyract.xpr
# Log file: C:/Projects/Undergrad_Research/Task2_New/OpenNoc/OpenNoc-master/src/Verilog/rtl/dyract/vivado.log
# Journal file: C:/Projects/Undergrad_Research/Task2_New/OpenNoc/OpenNoc-master/src/Verilog/rtl/dyract\vivado.jou
#-----------------------------------------------------------
start_gui
open_project -read_only C:/Projects/Undergrad_Research/Task2_New/OpenNoc/OpenNoc-master/src/Verilog/rtl/dyract/dyract.xpr
INFO: [ProjectBase 1-489] The host OS only allows 260 characters in a normal path. The project is stored in a path with more than 80 characters. If you experience issues with IP, Block Designs, or files not being found, please consider moving the project to a location with a shorter path. Alternately consider using the OS subst command to map part of the path to a drive letter.
Current project path is 'C:/Projects/Undergrad_Research/Task2_New/OpenNoc/OpenNoc-master/src/Verilog/rtl/dyract'
INFO: [Project 1-313] Project file moved from '/home/vipin/workspace/Research/mygit/OpenNoc/src/Verilog/VivadoIPs/dyract' since last save.
CRITICAL WARNING: [Project 1-311] Could not find the file 'C:/Projects/Undergrad_Research/Task2_New/OpenNoc/OpenNoc-master/src/Verilog/rtl/dyract/dyract.srcs/component.xml', nor could it be found using path 'C:/home/vipin/workspace/Research/mygit/OpenNoc/src/Verilog/VivadoIPs/dyract/dyract.srcs/component.xml'.
Scanning sources...
Finished scanning sources
WARNING: [filemgmt 56-2] IPUserFilesDir: Could not find the directory 'C:/Projects/Undergrad_Research/Task2_New/OpenNoc/OpenNoc-master/src/Verilog/rtl/dyract/dyract.ip_user_files', nor could it be found using path 'C:/home/vipin/workspace/Research/mygit/OpenNoc/src/Verilog/VivadoIPs/dyract/dyract.ip_user_files'.
INFO: [IP_Flow 19-234] Refreshing IP repositories
INFO: [IP_Flow 19-1700] Loaded user IP repository 'c:/Projects/Undergrad_Research/Task2_New/OpenNoc/OpenNoc-master/src/Verilog/rtl/dyract'.
INFO: [IP_Flow 19-2313] Loaded Vivado IP repository 'C:/Xilinx/Vivado/2018.2/data/ip'.
WARNING: [IP_Flow 19-2162] IP 'user_fifo' is locked:
* Project containing IP 'user_fifo' is read-only.
* IP definition 'AXI4-Stream Data FIFO (1.1)' for IP 'user_fifo' (customized with software release 2017.3) has a different revision in the IP Catalog.
Please select 'Report IP Status' from the 'Tools/Report' menu or run Tcl command 'report_ip_status' for more information.
WARNING: [IP_Flow 19-2162] IP 'pcie3_7x_0' is locked:
* Project containing IP 'pcie3_7x_0' is read-only.
* IP definition 'Virtex-7 FPGA Gen3 Integrated Block for PCI Express (4.3)' for IP 'pcie3_7x_0' (customized with software release 2017.3) has a different revision in the IP Catalog.
Please select 'Report IP Status' from the 'Tools/Report' menu or run Tcl command 'report_ip_status' for more information.
WARNING: [Project 1-229] Project 'dyract.xpr' is read-only and therefore could not be upgraded for this version of Vivado.  Use 'File | Save Project As...' if you wish to save an upgraded copy.
open_project: Time (s): cpu = 00:00:09 ; elapsed = 00:00:06 . Memory (MB): peak = 907.422 ; gain = 155.992
update_compile_order -fileset sources_1
exit
INFO: [Common 17-206] Exiting Vivado at Thu Feb 29 12:45:39 2024...
