15:10:50 INFO  : Registering command handlers for SDK TCF services
15:10:50 INFO  : Launching XSCT server: xsct.bat -interactive C:\Users\aamalik3\Desktop\ICAP_Readback\ONRHandover\BaseProject\BaseProject.sdk\temp_xsdb_launch_script.tcl
15:10:52 INFO  : XSCT server has started successfully.
15:10:54 INFO  : Successfully done setting XSCT server connection channel  
15:10:54 INFO  : Successfully done setting SDK workspace  
15:10:54 INFO  : Processing command line option -hwspec C:/Users/aamalik3/Desktop/ICAP_Readback/ONRHandover/BaseProject/BaseProject.sdk/design_1_wrapper.hdf.
15:11:33 INFO  : Refreshed build settings on project ctr_example
15:14:24 INFO  : Connected to target on host '127.0.0.1' and port '3121'.
15:14:50 INFO  : Connected to target on host '127.0.0.1' and port '3121'.
15:14:50 INFO  : 'targets -set -filter {jtag_cable_name =~ "Digilent Zed 210248B78019" && level==0} -index 1' command is executed.
15:14:52 INFO  : FPGA configured successfully with bitstream "C:/Users/aamalik3/Desktop/ICAP_Readback/ONRHandover/ctr_example/ctr_example.bit"
15:15:43 INFO  : 'targets -set -filter {jtag_cable_name =~ "Digilent Zed 210248B78019" && level==0} -index 1' command is executed.
15:15:43 INFO  : 'fpga -state' command is executed.
15:15:43 INFO  : Connected to target on host '127.0.0.1' and port '3121'.
15:15:43 INFO  : Jtag cable 'Digilent Zed 210248B78019' is selected.
15:15:43 INFO  : 'jtag frequency' command is executed.
15:15:43 INFO  : Sourcing of 'C:/Users/aamalik3/Desktop/ICAP_Readback/ONRHandover/BaseProject/BaseProject.sdk/design_1_wrapper_hw_platform_0/ps7_init.tcl' is done.
15:15:43 INFO  : Context for 'APU' is selected.
15:15:43 INFO  : Hardware design information is loaded from 'C:/Users/aamalik3/Desktop/ICAP_Readback/ONRHandover/BaseProject/BaseProject.sdk/design_1_wrapper_hw_platform_0/system.hdf'.
15:15:43 INFO  : 'configparams force-mem-access 1' command is executed.
15:15:43 INFO  : Context for 'APU' is selected.
15:15:43 INFO  : 'stop' command is executed.
15:15:43 INFO  : 'ps7_init' command is executed.
15:15:43 INFO  : 'ps7_post_config' command is executed.
15:15:43 INFO  : Context for processor 'ps7_cortexa9_0' is selected.
15:15:43 INFO  : Processor reset is completed for 'ps7_cortexa9_0'.
15:15:43 INFO  : Context for processor 'ps7_cortexa9_0' is selected.
15:15:43 INFO  : The application 'C:/Users/aamalik3/Desktop/ICAP_Readback/ONRHandover/BaseProject/BaseProject.sdk/ctr_example/Debug/ctr_example.elf' is downloaded to processor 'ps7_cortexa9_0'.
15:15:43 INFO  : 'configparams force-mem-access 0' command is executed.
15:15:43 INFO  : ----------------XSDB Script----------------
connect -url tcp:127.0.0.1:3121
source C:/Users/aamalik3/Desktop/ICAP_Readback/ONRHandover/BaseProject/BaseProject.sdk/design_1_wrapper_hw_platform_0/ps7_init.tcl
targets -set -nocase -filter {name =~"APU*" && jtag_cable_name =~ "Digilent Zed 210248B78019"} -index 0
loadhw -hw C:/Users/aamalik3/Desktop/ICAP_Readback/ONRHandover/BaseProject/BaseProject.sdk/design_1_wrapper_hw_platform_0/system.hdf -mem-ranges [list {0x40000000 0xbfffffff}]
configparams force-mem-access 1
targets -set -nocase -filter {name =~"APU*" && jtag_cable_name =~ "Digilent Zed 210248B78019"} -index 0
stop
ps7_init
ps7_post_config
targets -set -nocase -filter {name =~ "ARM*#0" && jtag_cable_name =~ "Digilent Zed 210248B78019"} -index 0
rst -processor
targets -set -nocase -filter {name =~ "ARM*#0" && jtag_cable_name =~ "Digilent Zed 210248B78019"} -index 0
dow C:/Users/aamalik3/Desktop/ICAP_Readback/ONRHandover/BaseProject/BaseProject.sdk/ctr_example/Debug/ctr_example.elf
configparams force-mem-access 0
----------------End of Script----------------

15:15:44 INFO  : Memory regions updated for context APU
15:15:44 INFO  : Context for processor 'ps7_cortexa9_0' is selected.
15:15:44 INFO  : 'con' command is executed.
15:15:44 INFO  : ----------------XSDB Script (After Launch)----------------
targets -set -nocase -filter {name =~ "ARM*#0" && jtag_cable_name =~ "Digilent Zed 210248B78019"} -index 0
con
----------------End of Script----------------

15:15:44 INFO  : Launch script is exported to file 'C:\Users\aamalik3\Desktop\ICAP_Readback\ONRHandover\BaseProject\BaseProject.sdk\.sdk\launch_scripts\xilinx_c-c++_application_(system_debugger)\system_debugger_using_debug_ctr_example.elf_on_local.tcl'
15:16:01 INFO  : Disconnected from the channel tcfchan#1.
15:16:02 INFO  : 'targets -set -filter {jtag_cable_name =~ "Digilent Zed 210248B78019" && level==0} -index 1' command is executed.
15:16:02 INFO  : 'fpga -state' command is executed.
15:16:02 INFO  : Connected to target on host '127.0.0.1' and port '3121'.
15:16:02 INFO  : Jtag cable 'Digilent Zed 210248B78019' is selected.
15:16:02 INFO  : 'jtag frequency' command is executed.
15:16:02 INFO  : Sourcing of 'C:/Users/aamalik3/Desktop/ICAP_Readback/ONRHandover/BaseProject/BaseProject.sdk/design_1_wrapper_hw_platform_0/ps7_init.tcl' is done.
15:16:02 INFO  : Context for 'APU' is selected.
15:16:02 INFO  : Hardware design information is loaded from 'C:/Users/aamalik3/Desktop/ICAP_Readback/ONRHandover/BaseProject/BaseProject.sdk/design_1_wrapper_hw_platform_0/system.hdf'.
15:16:02 INFO  : 'configparams force-mem-access 1' command is executed.
15:16:02 INFO  : Context for 'APU' is selected.
15:16:03 INFO  : 'stop' command is executed.
15:16:03 INFO  : 'ps7_init' command is executed.
15:16:03 INFO  : 'ps7_post_config' command is executed.
15:16:03 INFO  : Context for processor 'ps7_cortexa9_0' is selected.
15:16:03 INFO  : Processor reset is completed for 'ps7_cortexa9_0'.
15:16:03 INFO  : Context for processor 'ps7_cortexa9_0' is selected.
15:16:03 INFO  : The application 'C:/Users/aamalik3/Desktop/ICAP_Readback/ONRHandover/BaseProject/BaseProject.sdk/ctr_example/Debug/ctr_example.elf' is downloaded to processor 'ps7_cortexa9_0'.
15:16:03 INFO  : 'configparams force-mem-access 0' command is executed.
15:16:03 INFO  : ----------------XSDB Script----------------
connect -url tcp:127.0.0.1:3121
source C:/Users/aamalik3/Desktop/ICAP_Readback/ONRHandover/BaseProject/BaseProject.sdk/design_1_wrapper_hw_platform_0/ps7_init.tcl
targets -set -nocase -filter {name =~"APU*" && jtag_cable_name =~ "Digilent Zed 210248B78019"} -index 0
loadhw -hw C:/Users/aamalik3/Desktop/ICAP_Readback/ONRHandover/BaseProject/BaseProject.sdk/design_1_wrapper_hw_platform_0/system.hdf -mem-ranges [list {0x40000000 0xbfffffff}]
configparams force-mem-access 1
targets -set -nocase -filter {name =~"APU*" && jtag_cable_name =~ "Digilent Zed 210248B78019"} -index 0
stop
ps7_init
ps7_post_config
targets -set -nocase -filter {name =~ "ARM*#0" && jtag_cable_name =~ "Digilent Zed 210248B78019"} -index 0
rst -processor
targets -set -nocase -filter {name =~ "ARM*#0" && jtag_cable_name =~ "Digilent Zed 210248B78019"} -index 0
dow C:/Users/aamalik3/Desktop/ICAP_Readback/ONRHandover/BaseProject/BaseProject.sdk/ctr_example/Debug/ctr_example.elf
configparams force-mem-access 0
----------------End of Script----------------

15:16:03 INFO  : Memory regions updated for context APU
15:16:03 INFO  : Context for processor 'ps7_cortexa9_0' is selected.
15:16:03 INFO  : 'con' command is executed.
15:16:03 INFO  : ----------------XSDB Script (After Launch)----------------
targets -set -nocase -filter {name =~ "ARM*#0" && jtag_cable_name =~ "Digilent Zed 210248B78019"} -index 0
con
----------------End of Script----------------

15:16:03 INFO  : Launch script is exported to file 'C:\Users\aamalik3\Desktop\ICAP_Readback\ONRHandover\BaseProject\BaseProject.sdk\.sdk\launch_scripts\xilinx_c-c++_application_(system_debugger)\system_debugger_using_debug_ctr_example.elf_on_local.tcl'
15:16:20 INFO  : Connected to target on host '127.0.0.1' and port '3121'.
15:16:20 INFO  : 'targets -set -filter {jtag_cable_name =~ "Digilent Zed 210248B78019" && level==0} -index 1' command is executed.
15:16:21 INFO  : FPGA configured successfully with bitstream "C:/Users/aamalik3/Desktop/ICAP_Readback/ONRHandover/ctr_example/ctr_example_pblock_custom_ip_partial.bit"
15:19:29 INFO  : Disconnected from the channel tcfchan#2.
15:19:30 INFO  : 'targets -set -filter {jtag_cable_name =~ "Digilent Zed 210248B78019" && level==0} -index 1' command is executed.
15:19:30 INFO  : 'fpga -state' command is executed.
15:19:30 INFO  : Connected to target on host '127.0.0.1' and port '3121'.
15:19:30 INFO  : Jtag cable 'Digilent Zed 210248B78019' is selected.
15:19:30 INFO  : 'jtag frequency' command is executed.
15:19:30 INFO  : Sourcing of 'C:/Users/aamalik3/Desktop/ICAP_Readback/ONRHandover/BaseProject/BaseProject.sdk/design_1_wrapper_hw_platform_0/ps7_init.tcl' is done.
15:19:30 INFO  : Context for 'APU' is selected.
15:19:31 INFO  : Hardware design information is loaded from 'C:/Users/aamalik3/Desktop/ICAP_Readback/ONRHandover/BaseProject/BaseProject.sdk/design_1_wrapper_hw_platform_0/system.hdf'.
15:19:31 INFO  : 'configparams force-mem-access 1' command is executed.
15:19:31 INFO  : Context for 'APU' is selected.
15:19:31 INFO  : 'stop' command is executed.
15:19:31 INFO  : 'ps7_init' command is executed.
15:19:31 INFO  : 'ps7_post_config' command is executed.
15:19:31 INFO  : Context for processor 'ps7_cortexa9_0' is selected.
15:19:31 INFO  : Processor reset is completed for 'ps7_cortexa9_0'.
15:19:31 INFO  : Context for processor 'ps7_cortexa9_0' is selected.
15:19:31 INFO  : The application 'C:/Users/aamalik3/Desktop/ICAP_Readback/ONRHandover/BaseProject/BaseProject.sdk/ctr_example/Debug/ctr_example.elf' is downloaded to processor 'ps7_cortexa9_0'.
15:19:31 INFO  : 'configparams force-mem-access 0' command is executed.
15:19:31 INFO  : ----------------XSDB Script----------------
connect -url tcp:127.0.0.1:3121
source C:/Users/aamalik3/Desktop/ICAP_Readback/ONRHandover/BaseProject/BaseProject.sdk/design_1_wrapper_hw_platform_0/ps7_init.tcl
targets -set -nocase -filter {name =~"APU*" && jtag_cable_name =~ "Digilent Zed 210248B78019"} -index 0
loadhw -hw C:/Users/aamalik3/Desktop/ICAP_Readback/ONRHandover/BaseProject/BaseProject.sdk/design_1_wrapper_hw_platform_0/system.hdf -mem-ranges [list {0x40000000 0xbfffffff}]
configparams force-mem-access 1
targets -set -nocase -filter {name =~"APU*" && jtag_cable_name =~ "Digilent Zed 210248B78019"} -index 0
stop
ps7_init
ps7_post_config
targets -set -nocase -filter {name =~ "ARM*#0" && jtag_cable_name =~ "Digilent Zed 210248B78019"} -index 0
rst -processor
targets -set -nocase -filter {name =~ "ARM*#0" && jtag_cable_name =~ "Digilent Zed 210248B78019"} -index 0
dow C:/Users/aamalik3/Desktop/ICAP_Readback/ONRHandover/BaseProject/BaseProject.sdk/ctr_example/Debug/ctr_example.elf
configparams force-mem-access 0
----------------End of Script----------------

15:19:31 INFO  : Memory regions updated for context APU
15:19:31 INFO  : Context for processor 'ps7_cortexa9_0' is selected.
15:19:31 INFO  : 'con' command is executed.
15:19:31 INFO  : ----------------XSDB Script (After Launch)----------------
targets -set -nocase -filter {name =~ "ARM*#0" && jtag_cable_name =~ "Digilent Zed 210248B78019"} -index 0
con
----------------End of Script----------------

15:19:31 INFO  : Launch script is exported to file 'C:\Users\aamalik3\Desktop\ICAP_Readback\ONRHandover\BaseProject\BaseProject.sdk\.sdk\launch_scripts\xilinx_c-c++_application_(system_debugger)\system_debugger_using_debug_ctr_example.elf_on_local.tcl'
15:19:49 INFO  : Disconnected from the channel tcfchan#3.
15:19:51 INFO  : 'targets -set -filter {jtag_cable_name =~ "Digilent Zed 210248B78019" && level==0} -index 1' command is executed.
15:19:51 INFO  : 'fpga -state' command is executed.
15:19:51 INFO  : Connected to target on host '127.0.0.1' and port '3121'.
15:19:51 INFO  : Jtag cable 'Digilent Zed 210248B78019' is selected.
15:19:51 INFO  : 'jtag frequency' command is executed.
15:19:51 INFO  : Sourcing of 'C:/Users/aamalik3/Desktop/ICAP_Readback/ONRHandover/BaseProject/BaseProject.sdk/design_1_wrapper_hw_platform_0/ps7_init.tcl' is done.
15:19:51 INFO  : Context for 'APU' is selected.
15:19:52 INFO  : Hardware design information is loaded from 'C:/Users/aamalik3/Desktop/ICAP_Readback/ONRHandover/BaseProject/BaseProject.sdk/design_1_wrapper_hw_platform_0/system.hdf'.
15:19:52 INFO  : 'configparams force-mem-access 1' command is executed.
15:19:52 INFO  : Context for 'APU' is selected.
15:19:52 INFO  : 'stop' command is executed.
15:19:52 INFO  : 'ps7_init' command is executed.
15:19:52 INFO  : 'ps7_post_config' command is executed.
15:19:52 INFO  : Context for processor 'ps7_cortexa9_0' is selected.
15:19:52 INFO  : Processor reset is completed for 'ps7_cortexa9_0'.
15:19:52 INFO  : Context for processor 'ps7_cortexa9_0' is selected.
15:19:52 INFO  : The application 'C:/Users/aamalik3/Desktop/ICAP_Readback/ONRHandover/BaseProject/BaseProject.sdk/ctr_example/Debug/ctr_example.elf' is downloaded to processor 'ps7_cortexa9_0'.
15:19:52 INFO  : 'configparams force-mem-access 0' command is executed.
15:19:52 INFO  : ----------------XSDB Script----------------
connect -url tcp:127.0.0.1:3121
source C:/Users/aamalik3/Desktop/ICAP_Readback/ONRHandover/BaseProject/BaseProject.sdk/design_1_wrapper_hw_platform_0/ps7_init.tcl
targets -set -nocase -filter {name =~"APU*" && jtag_cable_name =~ "Digilent Zed 210248B78019"} -index 0
loadhw -hw C:/Users/aamalik3/Desktop/ICAP_Readback/ONRHandover/BaseProject/BaseProject.sdk/design_1_wrapper_hw_platform_0/system.hdf -mem-ranges [list {0x40000000 0xbfffffff}]
configparams force-mem-access 1
targets -set -nocase -filter {name =~"APU*" && jtag_cable_name =~ "Digilent Zed 210248B78019"} -index 0
stop
ps7_init
ps7_post_config
targets -set -nocase -filter {name =~ "ARM*#0" && jtag_cable_name =~ "Digilent Zed 210248B78019"} -index 0
rst -processor
targets -set -nocase -filter {name =~ "ARM*#0" && jtag_cable_name =~ "Digilent Zed 210248B78019"} -index 0
dow C:/Users/aamalik3/Desktop/ICAP_Readback/ONRHandover/BaseProject/BaseProject.sdk/ctr_example/Debug/ctr_example.elf
configparams force-mem-access 0
----------------End of Script----------------

15:19:52 INFO  : Memory regions updated for context APU
15:19:52 INFO  : Context for processor 'ps7_cortexa9_0' is selected.
15:19:52 INFO  : 'con' command is executed.
15:19:52 INFO  : ----------------XSDB Script (After Launch)----------------
targets -set -nocase -filter {name =~ "ARM*#0" && jtag_cable_name =~ "Digilent Zed 210248B78019"} -index 0
con
----------------End of Script----------------

15:19:52 INFO  : Launch script is exported to file 'C:\Users\aamalik3\Desktop\ICAP_Readback\ONRHandover\BaseProject\BaseProject.sdk\.sdk\launch_scripts\xilinx_c-c++_application_(system_debugger)\system_debugger_using_debug_ctr_example.elf_on_local.tcl'
15:20:14 INFO  : Connected to target on host '127.0.0.1' and port '3121'.
15:20:14 INFO  : 'targets -set -filter {jtag_cable_name =~ "Digilent Zed 210248B78019" && level==0} -index 1' command is executed.
15:20:15 INFO  : FPGA configured successfully with bitstream "C:/Users/aamalik3/Desktop/ICAP_Readback/ONRHandover/ctr_example/ctr_example_pblock_custom_ip_partial.bit"
15:21:23 INFO  : Connected to target on host '127.0.0.1' and port '3121'.
15:21:23 INFO  : 'targets -set -filter {jtag_cable_name =~ "Digilent Zed 210248B78019" && level==0} -index 1' command is executed.
15:21:24 INFO  : FPGA configured successfully with bitstream "C:/Users/aamalik3/Desktop/ICAP_Readback/ONRHandover/ctr_example/ctr_example_pblock_custom_ip_partial.bit"
15:22:57 INFO  : Connected to target on host '127.0.0.1' and port '3121'.
15:22:57 INFO  : 'targets -set -filter {jtag_cable_name =~ "Digilent Zed 210248B78019" && level==0} -index 1' command is executed.
15:22:58 INFO  : FPGA configured successfully with bitstream "C:/Users/aamalik3/Desktop/ICAP_Readback/ONRHandover/ctr_example/ctr_example_pblock_custom_ip_partial.bit"
15:26:30 INFO  : Disconnected from the channel tcfchan#4.
15:26:31 INFO  : 'targets -set -filter {jtag_cable_name =~ "Digilent Zed 210248B78019" && level==0} -index 1' command is executed.
15:26:31 INFO  : 'fpga -state' command is executed.
15:26:31 INFO  : Connected to target on host '127.0.0.1' and port '3121'.
15:26:31 INFO  : Jtag cable 'Digilent Zed 210248B78019' is selected.
15:26:31 INFO  : 'jtag frequency' command is executed.
15:26:31 INFO  : Sourcing of 'C:/Users/aamalik3/Desktop/ICAP_Readback/ONRHandover/BaseProject/BaseProject.sdk/design_1_wrapper_hw_platform_0/ps7_init.tcl' is done.
15:26:31 INFO  : Context for 'APU' is selected.
15:26:32 INFO  : Hardware design information is loaded from 'C:/Users/aamalik3/Desktop/ICAP_Readback/ONRHandover/BaseProject/BaseProject.sdk/design_1_wrapper_hw_platform_0/system.hdf'.
15:26:32 INFO  : 'configparams force-mem-access 1' command is executed.
15:26:32 INFO  : Context for 'APU' is selected.
15:26:32 INFO  : 'stop' command is executed.
15:26:32 INFO  : 'ps7_init' command is executed.
15:26:32 INFO  : 'ps7_post_config' command is executed.
15:26:32 INFO  : Context for processor 'ps7_cortexa9_0' is selected.
15:26:32 INFO  : Processor reset is completed for 'ps7_cortexa9_0'.
15:26:32 INFO  : Context for processor 'ps7_cortexa9_0' is selected.
15:26:33 INFO  : The application 'C:/Users/aamalik3/Desktop/ICAP_Readback/ONRHandover/BaseProject/BaseProject.sdk/ctr_example/Debug/ctr_example.elf' is downloaded to processor 'ps7_cortexa9_0'.
15:26:33 INFO  : 'configparams force-mem-access 0' command is executed.
15:26:33 INFO  : ----------------XSDB Script----------------
connect -url tcp:127.0.0.1:3121
source C:/Users/aamalik3/Desktop/ICAP_Readback/ONRHandover/BaseProject/BaseProject.sdk/design_1_wrapper_hw_platform_0/ps7_init.tcl
targets -set -nocase -filter {name =~"APU*" && jtag_cable_name =~ "Digilent Zed 210248B78019"} -index 0
loadhw -hw C:/Users/aamalik3/Desktop/ICAP_Readback/ONRHandover/BaseProject/BaseProject.sdk/design_1_wrapper_hw_platform_0/system.hdf -mem-ranges [list {0x40000000 0xbfffffff}]
configparams force-mem-access 1
targets -set -nocase -filter {name =~"APU*" && jtag_cable_name =~ "Digilent Zed 210248B78019"} -index 0
stop
ps7_init
ps7_post_config
targets -set -nocase -filter {name =~ "ARM*#0" && jtag_cable_name =~ "Digilent Zed 210248B78019"} -index 0
rst -processor
targets -set -nocase -filter {name =~ "ARM*#0" && jtag_cable_name =~ "Digilent Zed 210248B78019"} -index 0
dow C:/Users/aamalik3/Desktop/ICAP_Readback/ONRHandover/BaseProject/BaseProject.sdk/ctr_example/Debug/ctr_example.elf
configparams force-mem-access 0
----------------End of Script----------------

15:26:33 INFO  : Memory regions updated for context APU
15:26:33 INFO  : Context for processor 'ps7_cortexa9_0' is selected.
15:26:33 INFO  : 'con' command is executed.
15:26:33 INFO  : ----------------XSDB Script (After Launch)----------------
targets -set -nocase -filter {name =~ "ARM*#0" && jtag_cable_name =~ "Digilent Zed 210248B78019"} -index 0
con
----------------End of Script----------------

15:26:33 INFO  : Launch script is exported to file 'C:\Users\aamalik3\Desktop\ICAP_Readback\ONRHandover\BaseProject\BaseProject.sdk\.sdk\launch_scripts\xilinx_c-c++_application_(system_debugger)\system_debugger_using_debug_ctr_example.elf_on_local.tcl'
15:26:41 INFO  : Disconnected from the channel tcfchan#5.
15:26:42 INFO  : 'targets -set -filter {jtag_cable_name =~ "Digilent Zed 210248B78019" && level==0} -index 1' command is executed.
15:26:42 INFO  : 'fpga -state' command is executed.
15:26:42 INFO  : Connected to target on host '127.0.0.1' and port '3121'.
15:26:42 INFO  : Jtag cable 'Digilent Zed 210248B78019' is selected.
15:26:42 INFO  : 'jtag frequency' command is executed.
15:26:42 INFO  : Sourcing of 'C:/Users/aamalik3/Desktop/ICAP_Readback/ONRHandover/BaseProject/BaseProject.sdk/design_1_wrapper_hw_platform_0/ps7_init.tcl' is done.
15:26:42 INFO  : Context for 'APU' is selected.
15:26:43 INFO  : Hardware design information is loaded from 'C:/Users/aamalik3/Desktop/ICAP_Readback/ONRHandover/BaseProject/BaseProject.sdk/design_1_wrapper_hw_platform_0/system.hdf'.
15:26:43 INFO  : 'configparams force-mem-access 1' command is executed.
15:26:43 INFO  : Context for 'APU' is selected.
15:26:43 INFO  : 'stop' command is executed.
15:26:43 INFO  : 'ps7_init' command is executed.
15:26:43 INFO  : 'ps7_post_config' command is executed.
15:26:43 INFO  : Context for processor 'ps7_cortexa9_0' is selected.
15:26:43 INFO  : Processor reset is completed for 'ps7_cortexa9_0'.
15:26:43 INFO  : Context for processor 'ps7_cortexa9_0' is selected.
15:26:43 INFO  : The application 'C:/Users/aamalik3/Desktop/ICAP_Readback/ONRHandover/BaseProject/BaseProject.sdk/ctr_example/Debug/ctr_example.elf' is downloaded to processor 'ps7_cortexa9_0'.
15:26:44 INFO  : 'configparams force-mem-access 0' command is executed.
15:26:44 INFO  : ----------------XSDB Script----------------
connect -url tcp:127.0.0.1:3121
source C:/Users/aamalik3/Desktop/ICAP_Readback/ONRHandover/BaseProject/BaseProject.sdk/design_1_wrapper_hw_platform_0/ps7_init.tcl
targets -set -nocase -filter {name =~"APU*" && jtag_cable_name =~ "Digilent Zed 210248B78019"} -index 0
loadhw -hw C:/Users/aamalik3/Desktop/ICAP_Readback/ONRHandover/BaseProject/BaseProject.sdk/design_1_wrapper_hw_platform_0/system.hdf -mem-ranges [list {0x40000000 0xbfffffff}]
configparams force-mem-access 1
targets -set -nocase -filter {name =~"APU*" && jtag_cable_name =~ "Digilent Zed 210248B78019"} -index 0
stop
ps7_init
ps7_post_config
targets -set -nocase -filter {name =~ "ARM*#0" && jtag_cable_name =~ "Digilent Zed 210248B78019"} -index 0
rst -processor
targets -set -nocase -filter {name =~ "ARM*#0" && jtag_cable_name =~ "Digilent Zed 210248B78019"} -index 0
dow C:/Users/aamalik3/Desktop/ICAP_Readback/ONRHandover/BaseProject/BaseProject.sdk/ctr_example/Debug/ctr_example.elf
configparams force-mem-access 0
----------------End of Script----------------

15:26:44 INFO  : Memory regions updated for context APU
15:26:44 INFO  : Context for processor 'ps7_cortexa9_0' is selected.
15:26:44 INFO  : 'con' command is executed.
15:26:44 INFO  : ----------------XSDB Script (After Launch)----------------
targets -set -nocase -filter {name =~ "ARM*#0" && jtag_cable_name =~ "Digilent Zed 210248B78019"} -index 0
con
----------------End of Script----------------

15:26:44 INFO  : Launch script is exported to file 'C:\Users\aamalik3\Desktop\ICAP_Readback\ONRHandover\BaseProject\BaseProject.sdk\.sdk\launch_scripts\xilinx_c-c++_application_(system_debugger)\system_debugger_using_debug_ctr_example.elf_on_local.tcl'
15:27:50 INFO  : Connected to target on host '127.0.0.1' and port '3121'.
15:27:50 INFO  : 'targets -set -filter {jtag_cable_name =~ "Digilent Zed 210248B78019" && level==0} -index 1' command is executed.
15:27:51 INFO  : FPGA configured successfully with bitstream "C:/Users/aamalik3/Desktop/ICAP_Readback/ONRHandover/ctr_example/ctr_example_pblock_custom_ip_partial.bit"
15:35:00 INFO  : Disconnected from the channel tcfchan#6.
15:35:01 INFO  : 'targets -set -filter {jtag_cable_name =~ "Digilent Zed 210248B78019" && level==0} -index 1' command is executed.
15:35:01 INFO  : 'fpga -state' command is executed.
15:35:01 INFO  : Connected to target on host '127.0.0.1' and port '3121'.
15:35:01 INFO  : Jtag cable 'Digilent Zed 210248B78019' is selected.
15:35:01 INFO  : 'jtag frequency' command is executed.
15:35:01 INFO  : Sourcing of 'C:/Users/aamalik3/Desktop/ICAP_Readback/ONRHandover/BaseProject/BaseProject.sdk/design_1_wrapper_hw_platform_0/ps7_init.tcl' is done.
15:35:01 INFO  : Context for 'APU' is selected.
15:35:02 INFO  : Hardware design information is loaded from 'C:/Users/aamalik3/Desktop/ICAP_Readback/ONRHandover/BaseProject/BaseProject.sdk/design_1_wrapper_hw_platform_0/system.hdf'.
15:35:02 INFO  : 'configparams force-mem-access 1' command is executed.
15:35:02 INFO  : Context for 'APU' is selected.
15:35:02 INFO  : 'stop' command is executed.
15:35:03 INFO  : 'ps7_init' command is executed.
15:35:03 INFO  : 'ps7_post_config' command is executed.
15:35:03 INFO  : Context for processor 'ps7_cortexa9_0' is selected.
15:35:03 INFO  : Processor reset is completed for 'ps7_cortexa9_0'.
15:35:03 INFO  : Context for processor 'ps7_cortexa9_0' is selected.
15:35:03 INFO  : The application 'C:/Users/aamalik3/Desktop/ICAP_Readback/ONRHandover/BaseProject/BaseProject.sdk/ctr_example/Debug/ctr_example.elf' is downloaded to processor 'ps7_cortexa9_0'.
15:35:03 INFO  : 'configparams force-mem-access 0' command is executed.
15:35:03 INFO  : ----------------XSDB Script----------------
connect -url tcp:127.0.0.1:3121
source C:/Users/aamalik3/Desktop/ICAP_Readback/ONRHandover/BaseProject/BaseProject.sdk/design_1_wrapper_hw_platform_0/ps7_init.tcl
targets -set -nocase -filter {name =~"APU*" && jtag_cable_name =~ "Digilent Zed 210248B78019"} -index 0
loadhw -hw C:/Users/aamalik3/Desktop/ICAP_Readback/ONRHandover/BaseProject/BaseProject.sdk/design_1_wrapper_hw_platform_0/system.hdf -mem-ranges [list {0x40000000 0xbfffffff}]
configparams force-mem-access 1
targets -set -nocase -filter {name =~"APU*" && jtag_cable_name =~ "Digilent Zed 210248B78019"} -index 0
stop
ps7_init
ps7_post_config
targets -set -nocase -filter {name =~ "ARM*#0" && jtag_cable_name =~ "Digilent Zed 210248B78019"} -index 0
rst -processor
targets -set -nocase -filter {name =~ "ARM*#0" && jtag_cable_name =~ "Digilent Zed 210248B78019"} -index 0
dow C:/Users/aamalik3/Desktop/ICAP_Readback/ONRHandover/BaseProject/BaseProject.sdk/ctr_example/Debug/ctr_example.elf
configparams force-mem-access 0
----------------End of Script----------------

15:35:03 INFO  : Memory regions updated for context APU
15:35:03 INFO  : Context for processor 'ps7_cortexa9_0' is selected.
15:35:03 INFO  : 'con' command is executed.
15:35:03 INFO  : ----------------XSDB Script (After Launch)----------------
targets -set -nocase -filter {name =~ "ARM*#0" && jtag_cable_name =~ "Digilent Zed 210248B78019"} -index 0
con
----------------End of Script----------------

15:35:03 INFO  : Launch script is exported to file 'C:\Users\aamalik3\Desktop\ICAP_Readback\ONRHandover\BaseProject\BaseProject.sdk\.sdk\launch_scripts\xilinx_c-c++_application_(system_debugger)\system_debugger_using_debug_ctr_example.elf_on_local.tcl'
15:35:11 INFO  : Connected to target on host '127.0.0.1' and port '3121'.
15:35:11 INFO  : 'targets -set -filter {jtag_cable_name =~ "Digilent Zed 210248B78019" && level==0} -index 1' command is executed.
15:35:12 INFO  : FPGA configured successfully with bitstream "C:/Users/aamalik3/Desktop/ICAP_Readback/ONRHandover/ctr_example/ctr_example_pblock_custom_ip_partial.bit"
16:43:06 INFO  : Disconnected from the channel tcfchan#7.
